---
source: crates/cli/src/test.rs
expression: content
---
mod argument_parser;
mod cli_config;
mod document;
mod document_metadata;
mod document_metrics;
mod file_processor;
mod processing_error;
mod utils;

pub use argument_parser::*;
pub use cli_config::*;
pub use document::*;
pub use document_metadata::*;
pub use document_metrics::*;
pub use file_processor::*;
pub use processing_error::*;
pub use utils::*;
