---
source: crates/cli/src/test.rs
expression: enum_content
---
use crate::prelude::*;

pub enum MyEnum {
    MyStruct(MyStruct),
    Other,
}

impl MyEnum {
    fn magic_self(&self) -> u8 {
        42
    }

    fn magic_mut_self(&mut self) -> u8 {
        42
    }

    fn magic() -> u8 {
        42
    }
}
